[2026-05-10 18:03:20] API CALL
Found 0 sinistres
SUCCESS: Sent 0 items
[2026-05-10 18:04:15] API CALL
Found 2 sinistres
SUCCESS: Sent 2 items
[2026-05-10 18:04:20] API CALL
Found 1 sinistres
SUCCESS: Sent 1 items
[2026-05-10 18:04:23] API CALL
Found 0 sinistres
SUCCESS: Sent 0 items
[2026-05-10 18:04:54] API CALL
Found 1 sinistres
SUCCESS: Sent 1 items
[2026-05-10 18:05:04] API CALL
Found 1 sinistres
SUCCESS: Sent 1 items
[2026-05-10 18:05:06] API CALL
Found 1 sinistres
SUCCESS: Sent 1 items
[2026-05-10 18:05:07] API CALL
Found 1 sinistres
SUCCESS: Sent 1 items
[2026-05-10 18:05:10] API CALL
Found 1 sinistres
SUCCESS: Sent 1 items
[2026-05-10 18:05:15] API CALL
Found 1 sinistres
SUCCESS: Sent 1 items
[2026-05-10 18:07:03] API CALL
Found 1 sinistres
SUCCESS: Sent 1 items
[2026-05-10 18:13:02] API CALL
Found 1 sinistres
SUCCESS: Sent 1 items
[2026-05-10 18:13:11] API CALL
Found 1 sinistres
SUCCESS: Sent 1 items
[2026-05-10 18:13:29] API CALL
Found 1 sinistres
SUCCESS: Sent 1 items
[2026-05-10 18:18:02] API CALL
Found 1 sinistres
SUCCESS: Sent 1 items
[2026-05-10 18:18:11] API CALL
Found 1 sinistres
SUCCESS: Sent 1 items
[2026-05-10 18:19:57] API CALL
Found 1 sinistres
SUCCESS: Sent 1 items
[2026-05-10 18:22:09] API CALL
Found 1 sinistres
SUCCESS: Sent 1 items
[2026-05-10 18:22:26] API CALL
Found 1 sinistres
SUCCESS: Sent 1 items
[2026-05-10 18:23:09] API CALL
Found 1 sinistres
SUCCESS: Sent 1 items
[2026-05-10 18:24:25] API CALL
Found 1 sinistres
SUCCESS: Sent 1 items
[2026-05-10 18:27:07] API CALL
Found 1 sinistres
SUCCESS: Sent 1 items
[2026-05-10 18:27:55] API CALL
Found 1 sinistres
SUCCESS: Sent 1 items
[2026-05-10 18:28:29] API CALL
Found 1 sinistres
SUCCESS: Sent 1 items
[2026-05-10 18:28:35] API CALL
Found 1 sinistres
SUCCESS: Sent 1 items
[2026-05-10 18:28:35] API CALL
Found 1 sinistres
SUCCESS: Sent 1 items
[2026-05-10 18:33:16] API CALL
Found 1 sinistres
SUCCESS: Sent 1 items
[2026-05-10 18:33:17] API CALL
Found 1 sinistres
SUCCESS: Sent 1 items
[2026-05-10 18:33:18] API CALL
Found 1 sinistres
SUCCESS: Sent 1 items
[2026-05-10 18:43:23] API CALL
Found 1 sinistres
SUCCESS: Sent 1 items
[2026-05-10 18:43:34] API CALL
Found 1 sinistres
SUCCESS: Sent 1 items
[2026-05-10 18:45:46] API CALL
Found 1 sinistres
SUCCESS: Sent 1 items
[2026-05-10 18:49:01] API CALL
Found 1 sinistres
SUCCESS: Sent 1 items
[2026-05-10 18:54:42] API CALL
Found 1 sinistres
SUCCESS: Sent 1 items
[2026-05-10 18:57:24] API CALL
Found 1 sinistres
SUCCESS: Sent 1 items
[2026-05-10 18:58:15] API CALL
Found 1 sinistres
SUCCESS: Sent 1 items
[2026-05-10 18:58:16] API CALL
Found 1 sinistres
SUCCESS: Sent 1 items
[2026-05-10 19:18:55] API CALL
Found 1 sinistres
SUCCESS: Sent 1 items
[2026-05-10 19:18:57] API CALL
Found 1 sinistres
SUCCESS: Sent 1 items
[2026-05-10 19:20:21] API CALL
Found 0 sinistres
SUCCESS: Sent 0 items
[2026-05-10 19:21:29] API CALL
Found 0 sinistres
SUCCESS: Sent 0 items
[2026-05-10 19:22:22] API CALL
Found 0 sinistres
SUCCESS: Sent 0 items
[2026-05-10 19:27:16] API CALL
Found 0 sinistres
SUCCESS: Sent 0 items
[2026-05-10 19:27:22] API CALL
Found 0 sinistres
SUCCESS: Sent 0 items
[2026-05-10 19:31:27] API CALL
Found 0 sinistres
SUCCESS: Sent 0 items
[2026-05-10 20:27:22] API CALL
Found 0 sinistres
SUCCESS: Sent 0 items
[2026-05-10 20:27:31] API CALL
Found 0 sinistres
SUCCESS: Sent 0 items
[2026-05-10 20:27:34] API CALL
Found 0 sinistres
SUCCESS: Sent 0 items
[2026-05-10 20:29:29] API CALL
Found 0 sinistres
SUCCESS: Sent 0 items
[2026-05-10 20:30:00] API CALL
Found 0 sinistres
SUCCESS: Sent 0 items
[2026-05-10 20:31:11] API CALL
Found 1 sinistres
SUCCESS: Sent 1 items
[2026-05-10 20:31:19] API CALL
Found 1 sinistres
SUCCESS: Sent 1 items
[2026-05-10 20:31:51] API CALL
Found 0 sinistres
SUCCESS: Sent 0 items
[2026-05-10 20:32:11] API CALL
Found 0 sinistres
SUCCESS: Sent 0 items
[2026-05-10 20:34:16] API CALL
Found 0 sinistres
SUCCESS: Sent 0 items
[2026-05-10 20:34:19] API CALL
Found 0 sinistres
SUCCESS: Sent 0 items
[2026-05-10 20:34:32] API CALL
Found 1 sinistres
SUCCESS: Sent 1 items
[2026-05-10 20:39:39] API CALL
Found 1 sinistres
SUCCESS: Sent 1 items
[2026-05-10 20:39:51] API CALL
Found 1 sinistres
SUCCESS: Sent 1 items
[2026-05-10 20:39:51] API CALL
Found 1 sinistres
SUCCESS: Sent 1 items
[2026-05-10 20:39:59] API CALL
Found 0 sinistres
SUCCESS: Sent 0 items
[2026-05-10 20:40:07] API CALL
Found 1 sinistres
SUCCESS: Sent 1 items
[2026-05-10 20:40:38] API CALL
Found 1 sinistres
SUCCESS: Sent 1 items
[2026-05-10 20:40:43] API CALL
Found 1 sinistres
SUCCESS: Sent 1 items
[2026-05-10 20:40:51] API CALL
Found 1 sinistres
SUCCESS: Sent 1 items
[2026-05-10 20:57:04] API CALL
Found 0 sinistres
SUCCESS: Sent 0 items
[2026-05-10 20:57:06] API CALL
Found 0 sinistres
SUCCESS: Sent 0 items
[2026-05-10 20:57:11] API CALL
Found 0 sinistres
SUCCESS: Sent 0 items
[2026-05-10 20:57:52] API CALL
Found 0 sinistres
SUCCESS: Sent 0 items
[2026-05-10 20:57:58] API CALL
Found 1 sinistres
SUCCESS: Sent 1 items
[2026-05-10 21:03:51] API CALL
Found 0 sinistres
SUCCESS: Sent 0 items
[2026-05-10 21:03:58] API CALL
Found 1 sinistres
SUCCESS: Sent 1 items
[2026-05-10 21:06:00] API CALL
Found 0 sinistres
SUCCESS: Sent 0 items
[2026-05-10 21:29:02] API CALL
Found 0 sinistres
SUCCESS: Sent 0 items
[2026-05-10 21:29:04] API CALL
Found 0 sinistres
SUCCESS: Sent 0 items
[2026-05-10 21:29:17] API CALL
Found 1 sinistres
SUCCESS: Sent 1 items
[2026-05-10 21:30:37] API CALL
Found 0 sinistres
SUCCESS: Sent 0 items
[2026-05-10 21:30:57] API CALL
Found 1 sinistres
SUCCESS: Sent 1 items
[2026-05-10 21:32:09] API CALL
Found 0 sinistres
SUCCESS: Sent 0 items
[2026-05-10 21:32:27] API CALL
Found 1 sinistres
SUCCESS: Sent 1 items
[2026-05-10 21:36:10] API CALL
Found 0 sinistres
SUCCESS: Sent 0 items
[2026-05-10 21:36:25] API CALL
Found 1 sinistres
SUCCESS: Sent 1 items
[2026-05-10 21:36:28] API CALL
Found 1 sinistres
SUCCESS: Sent 1 items
[2026-05-10 21:39:04] API CALL
Found 0 sinistres
SUCCESS: Sent 0 items
[2026-05-10 21:39:16] API CALL
Found 1 sinistres
SUCCESS: Sent 1 items
[2026-05-10 21:39:49] API CALL
Found 0 sinistres
SUCCESS: Sent 0 items
[2026-05-10 21:40:16] API CALL
Found 1 sinistres
SUCCESS: Sent 1 items
[2026-05-10 22:21:34] API CALL
Found 1 sinistres
SUCCESS: Sent 1 items
[2026-05-10 22:21:36] API CALL
Found 1 sinistres
SUCCESS: Sent 1 items
[2026-05-10 22:21:37] API CALL
Found 1 sinistres
SUCCESS: Sent 1 items
[2026-05-10 22:21:59] API CALL
Found 1 sinistres
SUCCESS: Sent 1 items
[2026-05-10 23:09:16] API CALL
Found 1 sinistres
SUCCESS: Sent 1 items
[2026-05-10 23:09:21] API CALL
Found 1 sinistres
SUCCESS: Sent 1 items
[2026-05-10 23:12:13] API CALL
Found 1 sinistres
SUCCESS: Sent 1 items
[2026-05-10 23:12:29] API CALL
Found 2 sinistres
SUCCESS: Sent 2 items
[2026-05-10 23:12:58] API CALL
Found 2 sinistres
SUCCESS: Sent 2 items
<<<<<<< HEAD
=======
[2026-05-11 01:35:37] API CALL
Found 0 sinistres
SUCCESS: Sent 0 items
[2026-05-11 01:35:41] API CALL
Found 0 sinistres
SUCCESS: Sent 0 items
[2026-05-11 19:18:10] API CALL
Found 1 sinistres
SUCCESS: Sent 1 items
[2026-05-11 22:56:53] API CALL
Found 0 sinistres
SUCCESS: Sent 0 items
[2026-05-11 23:22:05] API CALL
Found 0 sinistres
SUCCESS: Sent 0 items
[2026-05-11 23:29:27] API CALL
Found 0 sinistres
SUCCESS: Sent 0 items
[2026-05-11 23:29:27] API CALL
Found 0 sinistres
SUCCESS: Sent 0 items
[2026-05-11 23:33:32] API CALL
Found 0 sinistres
SUCCESS: Sent 0 items
[2026-05-11 23:33:32] API CALL
Found 0 sinistres
SUCCESS: Sent 0 items
[2026-05-11 23:33:34] API CALL
Found 0 sinistres
SUCCESS: Sent 0 items
[2026-05-11 23:33:54] API CALL
Found 0 sinistres
SUCCESS: Sent 0 items
[2026-05-11 23:33:54] API CALL
Found 0 sinistres
SUCCESS: Sent 0 items
[2026-05-11 23:34:39] API CALL
Found 0 sinistres
SUCCESS: Sent 0 items
[2026-05-11 23:34:39] API CALL
Found 0 sinistres
SUCCESS: Sent 0 items
[2026-05-11 23:34:40] API CALL
Found 0 sinistres
SUCCESS: Sent 0 items
[2026-05-11 23:34:45] API CALL
Found 0 sinistres
SUCCESS: Sent 0 items
[2026-05-11 23:34:46] API CALL
Found 0 sinistres
SUCCESS: Sent 0 items
[2026-05-11 23:34:48] API CALL
Found 0 sinistres
SUCCESS: Sent 0 items
[2026-05-11 23:39:50] API CALL
Found 0 sinistres
SUCCESS: Sent 0 items
[2026-05-11 23:39:50] API CALL
Found 0 sinistres
SUCCESS: Sent 0 items
[2026-05-11 23:39:53] API CALL
Found 0 sinistres
SUCCESS: Sent 0 items
[2026-05-11 23:39:53] API CALL
Found 0 sinistres
SUCCESS: Sent 0 items
[2026-05-11 23:43:24] API CALL
Found 0 sinistres
SUCCESS: Sent 0 items
[2026-05-11 23:43:27] API CALL
Found 0 sinistres
SUCCESS: Sent 0 items
[2026-05-11 23:43:31] API CALL
Found 0 sinistres
SUCCESS: Sent 0 items
[2026-05-11 23:47:26] API CALL
Found 0 sinistres
SUCCESS: Sent 0 items
[2026-05-12 01:29:46] API CALL
Found 0 sinistres
SUCCESS: Sent 0 items
[2026-05-12 01:31:17] API CALL
Found 0 sinistres
SUCCESS: Sent 0 items
[2026-05-12 01:36:25] API CALL
Found 0 sinistres
SUCCESS: Sent 0 items
[2026-05-12 01:36:28] API CALL
Found 0 sinistres
SUCCESS: Sent 0 items
[2026-05-12 01:36:31] API CALL
Found 0 sinistres
SUCCESS: Sent 0 items
[2026-05-12 01:37:47] API CALL
Found 0 sinistres
SUCCESS: Sent 0 items
[2026-05-12 01:39:42] API CALL
Found 0 sinistres
SUCCESS: Sent 0 items
[2026-05-12 01:39:47] API CALL
Found 0 sinistres
SUCCESS: Sent 0 items
[2026-05-12 01:41:35] API CALL
Found 0 sinistres
SUCCESS: Sent 0 items
[2026-05-12 01:52:02] API CALL
Found 0 sinistres
SUCCESS: Sent 0 items
[2026-05-12 01:52:02] API CALL
Found 0 sinistres
SUCCESS: Sent 0 items
[2026-05-12 01:56:47] API CALL
Found 0 sinistres
SUCCESS: Sent 0 items
[2026-05-12 01:59:44] API CALL
Found 0 sinistres
SUCCESS: Sent 0 items
[2026-05-12 01:59:44] API CALL
Found 0 sinistres
SUCCESS: Sent 0 items
[2026-05-12 01:59:45] API CALL
Found 0 sinistres
SUCCESS: Sent 0 items
[2026-05-12 02:03:16] API CALL
Found 0 sinistres
SUCCESS: Sent 0 items
>>>>>>> d831ccf (integration karim+meriem+abdou+sabrine)
[2026-05-12 06:16:38] API CALL
ERR: Utilisateur non connecté.
[2026-05-12 10:23:53] API CALL
FATAL: Erreur PHP: SQLSTATE[42S22]: Column not found: 1054 Unknown column 'c.id_user' in 'field list' in C:\xampp\htdocs\integration\protex_final\model\Contrat.php on line 208
[2026-05-12 10:36:00] API CALL
Found 0 sinistres
SUCCESS: Sent 0 items
[2026-05-12 10:38:19] API CALL
Found 0 sinistres
SUCCESS: Sent 0 items
[2026-05-12 10:38:26] API CALL
Found 0 sinistres
SUCCESS: Sent 0 items
[2026-05-12 10:45:15] API CALL
Found 0 sinistres
SUCCESS: Sent 0 items
[2026-05-12 10:49:15] API CALL
Found 0 sinistres
SUCCESS: Sent 0 items
[2026-05-12 11:01:08] API CALL
Found 0 sinistres
SUCCESS: Sent 0 items
[2026-05-12 11:03:04] API CALL
Found 0 sinistres
SUCCESS: Sent 0 items
[2026-05-12 11:08:21] API CALL
Found 0 sinistres
SUCCESS: Sent 0 items
[2026-05-12 11:08:37] API CALL
Found 0 sinistres
SUCCESS: Sent 0 items
[2026-05-12 11:13:40] API CALL
Found 0 sinistres
SUCCESS: Sent 0 items
[2026-05-12 11:16:33] API CALL
Found 0 sinistres
SUCCESS: Sent 0 items
[2026-05-12 11:18:56] API CALL
Found 0 sinistres
SUCCESS: Sent 0 items
[2026-05-12 11:19:17] API CALL
Found 0 sinistres
SUCCESS: Sent 0 items
[2026-05-12 12:33:21] API CALL
Found 0 sinistres
SUCCESS: Sent 0 items
[2026-05-12 13:06:25] API CALL
ERR: Utilisateur non connecté.
[2026-05-12 15:20:18] API CALL
Found 0 sinistres
SUCCESS: Sent 0 items
[2026-05-12 16:00:56] API CALL
Found 0 sinistres
SUCCESS: Sent 0 items
[2026-05-12 16:13:48] API CALL
Found 0 sinistres
SUCCESS: Sent 0 items
[2026-05-12 16:15:01] API CALL
Found 0 sinistres
SUCCESS: Sent 0 items
[2026-05-12 16:17:26] API CALL
Found 0 sinistres
SUCCESS: Sent 0 items
[2026-05-12 16:37:03] API CALL
Found 0 sinistres
SUCCESS: Sent 0 items
[2026-05-12 16:40:44] API CALL
Found 0 sinistres
SUCCESS: Sent 0 items
[2026-05-12 16:41:03] API CALL
Found 1 sinistres
SUCCESS: Sent 1 items
[2026-05-12 16:41:07] API CALL
Found 1 sinistres
SUCCESS: Sent 1 items
[2026-05-12 16:41:11] API CALL
Found 1 sinistres
SUCCESS: Sent 1 items
[2026-05-12 16:41:48] API CALL
Found 1 sinistres
SUCCESS: Sent 1 items
[2026-05-12 16:41:53] API CALL
Found 1 sinistres
SUCCESS: Sent 1 items
[2026-05-12 16:42:01] API CALL
Found 1 sinistres
SUCCESS: Sent 1 items
[2026-05-12 16:42:09] API CALL
Found 1 sinistres
SUCCESS: Sent 1 items
[2026-05-12 16:42:13] API CALL
Found 1 sinistres
SUCCESS: Sent 1 items
[2026-05-12 16:42:17] API CALL
Found 1 sinistres
SUCCESS: Sent 1 items
[2026-05-12 16:42:22] API CALL
Found 1 sinistres
SUCCESS: Sent 1 items
[2026-05-12 16:48:39] API CALL
Found 1 sinistres
SUCCESS: Sent 1 items
[2026-05-12 16:48:48] API CALL
Found 1 sinistres
SUCCESS: Sent 1 items
[2026-05-12 16:48:52] API CALL
Found 1 sinistres
SUCCESS: Sent 1 items
[2026-05-12 16:48:57] API CALL
Found 1 sinistres
SUCCESS: Sent 1 items
[2026-05-12 16:49:03] API CALL
Found 1 sinistres
SUCCESS: Sent 1 items
[2026-05-12 16:49:09] API CALL
Found 1 sinistres
SUCCESS: Sent 1 items
[2026-05-12 16:49:56] API CALL
Found 1 sinistres
SUCCESS: Sent 1 items
[2026-05-12 16:51:46] API CALL
Found 1 sinistres
SUCCESS: Sent 1 items
[2026-05-12 16:54:54] API CALL
Found 1 sinistres
SUCCESS: Sent 1 items
[2026-05-12 16:55:06] API CALL
Found 1 sinistres
SUCCESS: Sent 1 items
[2026-05-12 16:55:11] API CALL
Found 1 sinistres
SUCCESS: Sent 1 items
[2026-05-12 16:55:25] API CALL
Found 1 sinistres
SUCCESS: Sent 1 items
[2026-05-12 16:55:29] API CALL
Found 1 sinistres
SUCCESS: Sent 1 items
[2026-05-12 16:55:47] API CALL
Found 1 sinistres
SUCCESS: Sent 1 items
[2026-05-12 16:57:13] API CALL
Found 1 sinistres
SUCCESS: Sent 1 items
[2026-05-12 16:58:06] API CALL
Found 1 sinistres
SUCCESS: Sent 1 items
